1.Launch two VMs for jenkins master servers and one VM  for HA proxy to route traffic to the master servers.
   we need to do master to master setup
   
   ssh into the two servers andinstall the jenkins in both the master servers
   generate the ssh-keygen
   copy id-rsa add it in managejenkins->manage credentials->global->add credentials
       select   ssh username with privatekey
                ID  :jenkinsHA      (the ID should be same in the both the servers)
                username: jenkins 
                enter the private key which is copied
                
   repeat the above steps in both the servers

172.31.42.54-jenkins master-1
172.31.42.2- jenkins master-2
172.31.47.107-HA proxy server

2.For EFS server goto AWS and create one file system and attach the same SG which is attached to the master jenkins servers by opening the NFS port 2049 . under the Network access  add the mount targers by selecting the Availability zone where your master servers are running and also select the SG which is attached to the jenkins amster servers (make sure to open the NFS port 2049)

3.ssh into the jenkins master servers(do the fallowing steps in both the master servers) 
[root@ip-172-31-42-54 ~]# yum install nfs-utils
[root@ip-172-31-42-54 ~]# mkdir  /var/lib/jenkins/jobs
[root@ip-172-31-42-54 ~]# cd   /var/lib/jenkins/
[root@ip-172-31-42-54 jenkins]# df -h    here you did not find any nfs mounts
[root@ip-172-31-42-54 jenkins]# systemctl start nfs-server
[root@ip-172-31-42-54 jenkins]# 		
[root@ip-172-31-42-54 jenkins]# sudo mount -t nfs4 -o nfsvers=4.1,rsize=1048576,wsize=1048576,hard,timeo=600,retrans=2,noresvport fs-09f013b2f75905ba6.efs.us-east-1.amazonaws.com:/ /var/lib/jenkins/jobs  (we are mounting the nfs server to the /var/lib/jenkins/jobs directory)

[root@ip-172-31-42-54 jenkins]# df -h
fs-09f013b2f75905ba6.efs.us-east-1.amazonaws.com:/  8.0E     0  8.0E   0% /var/lib/jenkins/jobs

now  

4.if you run any job in master server-1 that get reflected inthe server-2 as well that can be found in /var/lib/jenkins/ directory of server2. But in the server-2 dash board you didnt find those jobs , to reflect those jobs in server-2 dashboard  as well you need to restart/reload the server-2.(using crumb request we can achive this)
{
https://support.cloudbees.com/hc/en-us/articles/219257077-CSRF-Protection-Explained

curl -u "admin:admin" 'http://localhost:8080/crumbIssuer/api/xml?xpath=concat(//crumbRequestField,":",//crumb)'

Debugging Issues

Iâ€™m seeing the following response:

<html>
<head>
<meta http-equiv="Content-Type" content="text/html; charset=ISO-8859-1"/>
<title>Error 404 Not Found</title>
</head>
<body><h2>HTTP ERROR 404</h2>
<p>Problem accessing /crumbIssuer/api/xml. Reason:
<pre>    Not Found</pre></p><hr /><i><small>Powered by Jetty://</small></i><br/>
...
...

CSRF Protection is not enabled. GOTO: Jenkins > Manage Jenkins > Configure Global Security and enable Prevent Cross Site Request Forgery exploits
}


5.By using the API calls we can reload jenkins server,by using the CRUMB request.
  to work with crumb enable CSRF Protection under the->managejenkins->Configure Global Security

[root@ip-172-31-42-2 ~]# curl -s 'http://localhost:8080/crumbIssuer/api/xml?path=contact(//crumbrequestField,":",//crumb)' -u admin:admin
the above command will give you the crumb id it works like an API  .
the below command is to store the crumb id
[root@ip-172-31-42-2 ~]# crumb_id=$(curl -s 'http://localhost:8080/crumbIssuer/api/xml?path=contact(//crumbrequestField,":",//crumb)' -u admin:admin)

now make the crumb api request into script
[root@ip-172-31-42-2 ~]# vim reload.sh 
#!/bin/bash
SERVER="http://localhost:8080/reload"
CRUMB=$(curl -u "admin:admin" "$SERVER"/crumbIssuer/api/xml?xpath=concat\(//crumbRequestField,%22:%22,//crumb\))
curl -X POST -u "admin:admin" -H "$CRUMB" "$SERVER"

[root@ip-172-31-42-2 ~]# chmod +x reload.sh
[root@ip-172-31-42-2 ~]# vim /etc/cron.d/jenkinsreload
*/1 * * * *  root /bin/bash /root/reload.sh

{ give the absolute path where you stored the script "/root/reload.sh" , execute the script as a "root" user every minute */1 * * * *}

[root@ip-172-31-42-2 ~]# systemctl status crond
start it


6.Enabling the HA proxy 
  ssh into the third server i.e,172.31.47.107-HA proxy server
  
  https://www.jenkins.io/doc/book/system-administration/reverse-proxy-configuration-haproxy/
  
[root@ip-172-31-47-107 ~]# yum install haproxy -y
[root@ip-172-31-47-107 ~]# systemctl status haproxy.service 






